###############################################################################
#
# IAR ELF Linker V8.40.1.212/W32 for ARM                  02/Dec/2019  01:19:44
# Copyright 2007-2019 IAR Systems AB.
#
#    Output file  =
#        C:\Users\thisi\Documents\GitHub\embsys100\assignment04\LIFO\Debug\Exe\LIFO.out
#    Map file     =
#        C:\Users\thisi\Documents\GitHub\embsys100\assignment04\LIFO\Debug\List\LIFO.map
#    Command line =
#        -f C:\Users\thisi\AppData\Local\Temp\EWBF28.tmp
#        (C:\Users\thisi\Documents\GitHub\embsys100\assignment04\LIFO\Debug\Obj\main.o
#        C:\Users\thisi\Documents\GitHub\embsys100\assignment04\LIFO\Debug\Obj\stack.o
#        --no_out_extension -o
#        C:\Users\thisi\Documents\GitHub\embsys100\assignment04\LIFO\Debug\Exe\LIFO.out
#        --redirect _Printf=_PrintfFullNoMb --redirect _Scanf=_ScanfFullNoMb
#        --map
#        C:\Users\thisi\Documents\GitHub\embsys100\assignment04\LIFO\Debug\List\LIFO.map
#        --config "C:\Program Files (x86)\IAR Systems\Embedded Workbench
#        8.3\arm\CONFIG\generic_cortex.icf" --semihosting --entry
#        __iar_program_start --vfe --text_out locale)
#
###############################################################################

*******************************************************************************
*** RUNTIME MODEL ATTRIBUTES
***

CppFlavor       = *
__SystemLibrary = DLib
__dlib_version  = 6


*******************************************************************************
*** HEAP SELECTION
***

The basic heap was selected because some modules are built with
size limitations (and not runtime checking), and --advanced_heap
was not specified.


*******************************************************************************
*** PLACEMENT SUMMARY
***

"A0":  place at address 0x0 { ro section .intvec };
"P1":  place in [from 0x0 to 0x7'ffff] { ro };
define block CSTACK with size = 1K, alignment = 8 { };
define block PROC_STACK with size = 0, alignment = 8 { };
define block HEAP with size = 2K, alignment = 8 { };
"P2":  place in [from 0x2000'0000 to 0x2000'ffff] {
          rw, block CSTACK, block PROC_STACK, block HEAP };

  Section          Kind         Address   Size  Object
  -------          ----         -------   ----  ------
"A0":                                     0x40
  .intvec          ro code          0x0   0x40  vector_table_M.o [3]
                                 - 0x40   0x40

"P1":                                    0xf04
  .text            ro code         0x40  0xa1c  main.o [1]
  .text            ro code        0xa5c   0xd4  stack.o [1]
  .text            ro code        0xb30   0x24  ABIassert.o [4]
  .text            ro code        0xb54    0x6  abort.o [2]
  .text            ro code        0xb5a   0x3a  zero_init3.o [3]
  .text            ro code        0xb94   0x14  exit.o [4]
  .rodata          const          0xba8   0x44  main.o [1]
  .text            ro code        0xbec   0x28  data_init.o [3]
  .iar.init_table  const          0xc14   0x10  - Linker created -
  .text            ro code        0xc24   0x1e  cmain.o [3]
  .text            ro code        0xc42    0x4  low_level_init.o [2]
  .text            ro code        0xc46    0x4  exit.o [2]
  .text            ro code        0xc4a    0x2  vector_table_M.o [3]
  .text            ro code        0xc4c    0xa  cexit.o [3]
  .rodata          const          0xc58   0x1c  main.o [1]
  .rodata          const          0xc74   0x1c  main.o [1]
  .rodata          const          0xc90   0x18  main.o [1]
  .rodata          const          0xca8   0x14  main.o [1]
  .rodata          const          0xcbc   0x14  main.o [1]
  .rodata          const          0xcd0   0x14  main.o [1]
  .rodata          const          0xce4   0x14  main.o [1]
  .rodata          const          0xcf8   0x14  main.o [1]
  .rodata          const          0xd0c   0x14  main.o [1]
  .rodata          const          0xd20   0x14  main.o [1]
  .rodata          const          0xd34   0x14  main.o [1]
  .rodata          const          0xd48   0x14  main.o [1]
  .rodata          const          0xd5c   0x14  main.o [1]
  .rodata          const          0xd70   0x14  main.o [1]
  .rodata          const          0xd84   0x14  main.o [1]
  .rodata          const          0xd98   0x10  main.o [1]
  .rodata          const          0xda8   0x10  main.o [1]
  .rodata          const          0xdb8   0x10  main.o [1]
  .rodata          const          0xdc8   0x10  main.o [1]
  .rodata          const          0xdd8   0x10  main.o [1]
  .rodata          const          0xde8   0x10  main.o [1]
  .rodata          const          0xdf8   0x10  main.o [1]
  .rodata          const          0xe08   0x10  main.o [1]
  .rodata          const          0xe18   0x10  main.o [1]
  .rodata          const          0xe28   0x10  main.o [1]
  .rodata          const          0xe38   0x10  main.o [1]
  .rodata          const          0xe48   0x10  main.o [1]
  .rodata          const          0xe58   0x10  main.o [1]
  .rodata          const          0xe68   0x10  main.o [1]
  .rodata          const          0xe78   0x10  main.o [1]
  .rodata          const          0xe88   0x10  main.o [1]
  .rodata          const          0xe98   0x10  main.o [1]
  .rodata          const          0xea8   0x10  main.o [1]
  .rodata          const          0xeb8   0x10  main.o [1]
  .rodata          const          0xec8   0x10  main.o [1]
  .rodata          const          0xed8   0x10  main.o [1]
  .rodata          const          0xee8   0x10  main.o [1]
  .rodata          const          0xef8   0x10  main.o [1]
  .rodata          const          0xf08   0x10  main.o [1]
  .rodata          const          0xf18   0x10  main.o [1]
  .rodata          const          0xf28   0x10  main.o [1]
  .text            ro code        0xf38    0xc  cstartup_M.o [3]
  .rodata          const          0xf44    0x0  zero_init3.o [3]
                                - 0xf44  0xf04

"P2", part 1 of 2:                        0x1c
  .bss             zero     0x2000'0000   0x14  stack.o [1]
  .bss             zero     0x2000'0014    0x4  stack.o [1]
  .bss             zero     0x2000'0018    0x4  stack.o [1]
                          - 0x2000'001c   0x1c

"P2", part 2 of 2:                       0x400
  CSTACK                    0x2000'0020  0x400  <Block>
    CSTACK         uninit   0x2000'0020  0x400  <Block tail>
                          - 0x2000'0420  0x400

Unused ranges:

         From           To      Size
         ----           --      ----
        0xf44     0x7'ffff  0x7'f0bc
  0x2000'001c  0x2000'001f       0x4
  0x2000'0420  0x2000'ffff    0xfbe0


*******************************************************************************
*** INIT TABLE
***

          Address      Size
          -------      ----
Zero (__iar_zero_init3)
    1 destination range, total size 0x1c:
          0x2000'0000  0x1c



*******************************************************************************
*** MODULE SUMMARY
***

    Module            ro code  ro data  rw data
    ------            -------  -------  -------
command line/config:
    -------------------------------------------
    Total:

C:\Users\thisi\Documents\GitHub\embsys100\assignment04\LIFO\Debug\Obj: [1]
    main.o              2'588      804
    stack.o               212                28
    -------------------------------------------
    Total:              2'800      804       28

dl7M_tln.a: [2]
    abort.o                 6
    exit.o                  4
    low_level_init.o        4
    -------------------------------------------
    Total:                 14

rt7M_tl.a: [3]
    cexit.o                10
    cmain.o                30
    cstartup_M.o           12
    data_init.o            40
    vector_table_M.o       66
    zero_init3.o           58
    -------------------------------------------
    Total:                216

shb_l.a: [4]
    ABIassert.o            36
    exit.o                 20
    -------------------------------------------
    Total:                 56

    Gaps                             2
    Linker created                  16    1'024
-----------------------------------------------
    Grand Total:        3'086      822    1'052


*******************************************************************************
*** ENTRY LIST
***

Entry                       Address   Size  Type      Object
-----                       -------   ----  ----      ------
.iar.init_table$$Base         0xc14          --   Gb  - Linker created -
.iar.init_table$$Limit        0xc24          --   Gb  - Linker created -
?main                         0xc25         Code  Gb  cmain.o [3]
CSTACK$$Base            0x2000'0020          --   Gb  - Linker created -
CSTACK$$Limit           0x2000'0420          --   Gb  - Linker created -
QueueStore              0x2000'0000   0x14  Data  Gb  stack.o [1]
Region$$Table$$Base           0xc14          --   Gb  - Linker created -
Region$$Table$$Limit          0xc24          --   Gb  - Linker created -
__aeabi_assert                0xb31   0x24  Code  Gb  ABIassert.o [4]
__cmain                       0xc25         Code  Gb  cmain.o [3]
__exit                        0xb95   0x14  Code  Gb  exit.o [4]
__iar_data_init3              0xbed   0x28  Code  Gb  data_init.o [3]
__iar_program_start           0xf39         Code  Gb  cstartup_M.o [3]
__iar_zero_init3              0xb5b   0x3a  Code  Gb  zero_init3.o [3]
__low_level_init              0xc43    0x4  Code  Gb  low_level_init.o [2]
__vector_table                  0x0         Data  Gb  vector_table_M.o [3]
_call_main                    0xc31         Code  Gb  cmain.o [3]
_exit                         0xc4d         Code  Gb  cexit.o [3]
_main                         0xc3f         Code  Gb  cmain.o [3]
abort                         0xb55    0x6  Code  Gb  abort.o [2]
exit                          0xc47    0x4  Code  Gb  exit.o [2]
getPtr                  0x2000'0018    0x4  Data  Gb  stack.o [1]
main                           0x41  0xa1c  Code  Gb  main.o [1]
putPtr                  0x2000'0014    0x4  Data  Gb  stack.o [1]
queue_get                     0xad7   0x4a  Code  Gb  stack.o [1]
queue_init                    0xa5d   0x20  Code  Gb  stack.o [1]
queue_put                     0xa7d   0x5a  Code  Gb  stack.o [1]


[1] = C:\Users\thisi\Documents\GitHub\embsys100\assignment04\LIFO\Debug\Obj
[2] = dl7M_tln.a
[3] = rt7M_tl.a
[4] = shb_l.a

  3'086 bytes of readonly  code memory
    822 bytes of readonly  data memory
  1'052 bytes of readwrite data memory

Errors: none
Warnings: none
