###############################################################################
#
# IAR ELF Linker V8.40.1.212/W32 for ARM                  25/Nov/2019  22:54:11
# Copyright 2007-2019 IAR Systems AB.
#
#    Output file  =
#        C:\Users\thisi\Documents\GitHub\embsys100\assignment04\LIFO\Debug\Exe\LIFO.out
#    Map file     =
#        C:\Users\thisi\Documents\GitHub\embsys100\assignment04\LIFO\Debug\List\LIFO.map
#    Command line =
#        -f C:\Users\thisi\AppData\Local\Temp\EWFDC9.tmp
#        (C:\Users\thisi\Documents\GitHub\embsys100\assignment04\LIFO\Debug\Obj\main.o
#        C:\Users\thisi\Documents\GitHub\embsys100\assignment04\LIFO\Debug\Obj\stack.o
#        --no_out_extension -o
#        C:\Users\thisi\Documents\GitHub\embsys100\assignment04\LIFO\Debug\Exe\LIFO.out
#        --redirect _Printf=_PrintfFullNoMb --redirect _Scanf=_ScanfFullNoMb
#        --map
#        C:\Users\thisi\Documents\GitHub\embsys100\assignment04\LIFO\Debug\List\LIFO.map
#        --config "C:\Program Files (x86)\IAR Systems\Embedded Workbench
#        8.3\arm\CONFIG\generic_cortex.icf" --semihosting --entry
#        __iar_program_start --vfe --text_out locale)
#
###############################################################################

*******************************************************************************
*** RUNTIME MODEL ATTRIBUTES
***

CppFlavor       = *
__SystemLibrary = DLib
__dlib_version  = 6


*******************************************************************************
*** HEAP SELECTION
***

The basic heap was selected because some modules are built with
size limitations (and not runtime checking), and --advanced_heap
was not specified.


*******************************************************************************
*** PLACEMENT SUMMARY
***

"A0":  place at address 0x0 { ro section .intvec };
"P1":  place in [from 0x0 to 0x7'ffff] { ro };
define block CSTACK with size = 1K, alignment = 8 { };
define block PROC_STACK with size = 0, alignment = 8 { };
define block HEAP with size = 2K, alignment = 8 { };
"P2":  place in [from 0x2000'0000 to 0x2000'ffff] {
          rw, block CSTACK, block PROC_STACK, block HEAP };

  Section          Kind         Address   Size  Object
  -------          ----         -------   ----  ------
"A0":                                     0x40
  .intvec          ro code          0x0   0x40  vector_table_M.o [3]
                                 - 0x40   0x40

"P1":                                    0x218
  .text            ro code         0x40   0x8c  stack.o [1]
  .rodata          const           0xcc   0x44  main.o [1]
  .text            ro code        0x110   0x44  main.o [1]
  .text            ro code        0x154   0x24  ABIassert.o [4]
  .text            ro code        0x178    0x6  abort.o [2]
  .text            ro code        0x17e   0x3a  zero_init3.o [3]
  .text            ro code        0x1b8   0x14  exit.o [4]
  .text            ro code        0x1cc   0x28  data_init.o [3]
  .iar.init_table  const          0x1f4   0x10  - Linker created -
  .text            ro code        0x204   0x1e  cmain.o [3]
  .text            ro code        0x222    0x4  low_level_init.o [2]
  .text            ro code        0x226    0x4  exit.o [2]
  .text            ro code        0x22a    0x2  vector_table_M.o [3]
  .text            ro code        0x22c    0xa  cexit.o [3]
  .rodata          const          0x238   0x14  main.o [1]
  .text            ro code        0x24c    0xc  cstartup_M.o [3]
  .rodata          const          0x258    0x0  zero_init3.o [3]
                                - 0x258  0x218

"P2", part 1 of 2:                        0x18
  .bss             zero     0x2000'0000   0x10  stack.o [1]
  .bss             zero     0x2000'0010    0x4  stack.o [1]
  .bss             zero     0x2000'0014    0x4  stack.o [1]
                          - 0x2000'0018   0x18

"P2", part 2 of 2:                       0x400
  CSTACK                    0x2000'0018  0x400  <Block>
    CSTACK         uninit   0x2000'0018  0x400  <Block tail>
                          - 0x2000'0418  0x400

Unused ranges:

         From           To      Size
         ----           --      ----
        0x258     0x7'ffff  0x7'fda8
  0x2000'0418  0x2000'ffff    0xfbe8


*******************************************************************************
*** INIT TABLE
***

          Address      Size
          -------      ----
Zero (__iar_zero_init3)
    1 destination range, total size 0x18:
          0x2000'0000  0x18



*******************************************************************************
*** MODULE SUMMARY
***

    Module            ro code  ro data  rw data
    ------            -------  -------  -------
command line/config:
    -------------------------------------------
    Total:

C:\Users\thisi\Documents\GitHub\embsys100\assignment04\LIFO\Debug\Obj: [1]
    main.o                 68       88
    stack.o               140                24
    -------------------------------------------
    Total:                208       88       24

dl7M_tln.a: [2]
    abort.o                 6
    exit.o                  4
    low_level_init.o        4
    -------------------------------------------
    Total:                 14

rt7M_tl.a: [3]
    cexit.o                10
    cmain.o                30
    cstartup_M.o           12
    data_init.o            40
    vector_table_M.o       66
    zero_init3.o           58
    -------------------------------------------
    Total:                216

shb_l.a: [4]
    ABIassert.o            36
    exit.o                 20
    -------------------------------------------
    Total:                 56

    Gaps                             2
    Linker created                  16    1'024
-----------------------------------------------
    Grand Total:          494      106    1'048


*******************************************************************************
*** ENTRY LIST
***

Entry                       Address  Size  Type      Object
-----                       -------  ----  ----      ------
.iar.init_table$$Base         0x1f4         --   Gb  - Linker created -
.iar.init_table$$Limit        0x204         --   Gb  - Linker created -
?main                         0x205        Code  Gb  cmain.o [3]
CSTACK$$Base            0x2000'0018         --   Gb  - Linker created -
CSTACK$$Limit           0x2000'0418         --   Gb  - Linker created -
QueueStore              0x2000'0000  0x10  Data  Gb  stack.o [1]
Region$$Table$$Base           0x1f4         --   Gb  - Linker created -
Region$$Table$$Limit          0x204         --   Gb  - Linker created -
__aeabi_assert                0x155  0x24  Code  Gb  ABIassert.o [4]
__cmain                       0x205        Code  Gb  cmain.o [3]
__exit                        0x1b9  0x14  Code  Gb  exit.o [4]
__iar_data_init3              0x1cd  0x28  Code  Gb  data_init.o [3]
__iar_program_start           0x24d        Code  Gb  cstartup_M.o [3]
__iar_zero_init3              0x17f  0x3a  Code  Gb  zero_init3.o [3]
__low_level_init              0x223   0x4  Code  Gb  low_level_init.o [2]
__vector_table                  0x0        Data  Gb  vector_table_M.o [3]
_call_main                    0x211        Code  Gb  cmain.o [3]
_exit                         0x22d        Code  Gb  cexit.o [3]
_main                         0x21f        Code  Gb  cmain.o [3]
abort                         0x179   0x6  Code  Gb  abort.o [2]
exit                          0x227   0x4  Code  Gb  exit.o [2]
getPtr                  0x2000'0014   0x4  Data  Gb  stack.o [1]
main                          0x111  0x44  Code  Gb  main.o [1]
putPtr                  0x2000'0010   0x4  Data  Gb  stack.o [1]
queue_get                      0x99  0x26  Code  Gb  stack.o [1]
queue_init                     0x41  0x20  Code  Gb  stack.o [1]
queue_put                      0x61  0x38  Code  Gb  stack.o [1]


[1] = C:\Users\thisi\Documents\GitHub\embsys100\assignment04\LIFO\Debug\Obj
[2] = dl7M_tln.a
[3] = rt7M_tl.a
[4] = shb_l.a

    494 bytes of readonly  code memory
    106 bytes of readonly  data memory
  1'048 bytes of readwrite data memory

Errors: none
Warnings: none
