###############################################################################
#
# IAR ELF Linker V8.40.1.212/W32 for ARM                  19/Nov/2019  23:43:01
# Copyright 2007-2019 IAR Systems AB.
#
#    Output file  =
#        C:\Users\thisi\Documents\GitHub\embsys100\Examples\LED_Module3\Debug\Exe\LED_Blink.out
#    Map file     =
#        C:\Users\thisi\Documents\GitHub\embsys100\Examples\LED_Module3\Debug\List\LED_Blink.map
#    Command line =
#        -f C:\Users\thisi\AppData\Local\Temp\EW8488.tmp
#        (C:\Users\thisi\Documents\GitHub\embsys100\Examples\LED_Module3\Debug\Obj\main.o
#        C:\Users\thisi\Documents\GitHub\embsys100\Examples\LED_Module3\Debug\Obj\main_bit_band.o
#        --no_out_extension -o
#        C:\Users\thisi\Documents\GitHub\embsys100\Examples\LED_Module3\Debug\Exe\LED_Blink.out
#        --redirect _Printf=_PrintfFullNoMb --redirect _Scanf=_ScanfFullNoMb
#        --map
#        C:\Users\thisi\Documents\GitHub\embsys100\Examples\LED_Module3\Debug\List\LED_Blink.map
#        --config "C:\Program Files (x86)\IAR Systems\Embedded Workbench
#        8.3\arm\config\linker\ST\stm32f401xE.icf" --semihosting --entry
#        __iar_program_start --vfe --text_out locale)
#
###############################################################################

*******************************************************************************
*** MESSAGES
***

Error[Li006]: duplicate definitions for "main"; in "C:\Users\thisi\Documents\Gi
          tHub\embsys100\Examples\LED_Module3\Debug\Obj\main.o"
          , and "C:\Users\thisi\Documents\GitHub\embsys100\Examples\LED_Module3
          \Debug\Obj\main_bit_band.o"


*******************************************************************************
*** RUNTIME MODEL ATTRIBUTES
***

CppFlavor       = *
__SystemLibrary = DLib
__dlib_version  = 6


*******************************************************************************
*** HEAP SELECTION
***

The basic heap was selected because some modules are built with
size limitations (and not runtime checking), and --advanced_heap
was not specified.


*******************************************************************************
*** PLACEMENT SUMMARY
***

"A0":  place at address 0x800'0000 { ro section .intvec };
"P1":  place in [from 0x800'0000 to 0x807'ffff] { ro };
define block CSTACK with size = 8K, alignment = 8 { };
define block HEAP with size = 8K, alignment = 8 { };
"P2":  place in [from 0x2000'0000 to 0x2001'7fff] {
          rw, block CSTACK, block HEAP };

No sections matched the following patterns:

  rw  in "P2"


  Section   Kind         Address    Size  Object
  -------   ----         -------    ----  ------
"A0":                               0x40
  .intvec   ro code   0x800'0000    0x40  vector_table_M.o [3]
                    - 0x800'0040    0x40

"P1":                               0x84
  .text     ro code   0x800'0040    0x30  main.o [1]
  .text     ro code   0x800'0070    0x1e  cmain.o [3]
  .text     ro code   0x800'008e     0x4  low_level_init.o [2]
  .text     ro code   0x800'0092     0x4  exit.o [2]
  .text     ro code   0x800'0096     0x2  vector_table_M.o [3]
  .text     ro code   0x800'0098     0xa  cexit.o [3]
  .text     ro code   0x800'00a4    0x14  exit.o [4]
  .text     ro code   0x800'00b8     0xc  cstartup_M.o [3]
                    - 0x800'00c4    0x84

"P2":                             0x2000
  CSTACK             0x2000'0000  0x2000  <Block>
    CSTACK  uninit   0x2000'0000  0x2000  <Block tail>
                   - 0x2000'2000  0x2000

Unused ranges:

         From           To      Size
         ----           --      ----
   0x800'00c4   0x807'ffff  0x7'ff3c
  0x2000'2000  0x2001'7fff  0x1'6000



*******************************************************************************
*** MODULE SUMMARY
***

    Module            ro code  rw data
    ------            -------  -------
command line/config:
    ----------------------------------
    Total:

C:\Users\thisi\Documents\GitHub\embsys100\Examples\LED_Module3\Debug\Obj: [1]
    main.o                 48
    ----------------------------------
    Total:                 48

dl7M_tln.a: [2]
    exit.o                  4
    low_level_init.o        4
    ----------------------------------
    Total:                  8

rt7M_tl.a: [3]
    cexit.o                10
    cmain.o                30
    cstartup_M.o           12
    vector_table_M.o       66
    ----------------------------------
    Total:                118

shb_l.a: [4]
    exit.o                 20
    ----------------------------------
    Total:                 20

    Gaps                    2
    Linker created               8'192
--------------------------------------
    Grand Total:          196    8'192


*******************************************************************************
*** ENTRY LIST
***

Entry                     Address  Size  Type      Object
-----                     -------  ----  ----      ------
?main                  0x800'0071        Code  Gb  cmain.o [3]
CSTACK$$Base          0x2000'0000         --   Gb  - Linker created -
CSTACK$$Limit         0x2000'2000         --   Gb  - Linker created -
Region$$Table$$Base           0x0         --   Gb  - Linker created -
Region$$Table$$Limit          0x0         --   Gb  - Linker created -
__cmain                0x800'0071        Code  Gb  cmain.o [3]
__exit                 0x800'00a5  0x14  Code  Gb  exit.o [4]
__iar_program_start    0x800'00b9        Code  Gb  cstartup_M.o [3]
__low_level_init       0x800'008f   0x4  Code  Gb  low_level_init.o [2]
__vector_table         0x800'0000        Data  Gb  vector_table_M.o [3]
_call_main             0x800'007d        Code  Gb  cmain.o [3]
_exit                  0x800'0099        Code  Gb  cexit.o [3]
_main                  0x800'008b        Code  Gb  cmain.o [3]
exit                   0x800'0093   0x4  Code  Gb  exit.o [2]
main                   0x800'0041  0x30  Code  Gb  main.o [1]


[1] = C:\Users\thisi\Documents\GitHub\embsys100\Examples\LED_Module3\Debug\Obj
[2] = dl7M_tln.a
[3] = rt7M_tl.a
[4] = shb_l.a

    196 bytes of readonly  code memory
  8'192 bytes of readwrite data memory

Errors: 1
Warnings: none
