###############################################################################
#
# IAR ELF Linker V8.40.1.212/W32 for ARM                  21/Oct/2019  21:36:33
# Copyright 2007-2019 IAR Systems AB.
#
#    Output file  =
#        C:\Users\thisi\Documents\GitHub\embsys100\Examples\LED_Module3\Debug\Exe\LED_Blink.out
#    Map file     =
#        C:\Users\thisi\Documents\GitHub\embsys100\Examples\LED_Module3\Debug\List\LED_Blink.map
#    Command line =
#        -f C:\Users\thisi\AppData\Local\Temp\EW2DB5.tmp
#        (C:\Users\thisi\Documents\GitHub\embsys100\Examples\LED_Module3\Debug\Obj\main.o
#        --no_out_extension -o
#        C:\Users\thisi\Documents\GitHub\embsys100\Examples\LED_Module3\Debug\Exe\LED_Blink.out
#        --redirect _Printf=_PrintfFullNoMb --redirect _Scanf=_ScanfFullNoMb
#        --map
#        C:\Users\thisi\Documents\GitHub\embsys100\Examples\LED_Module3\Debug\List\LED_Blink.map
#        --config "C:\Program Files (x86)\IAR Systems\Embedded Workbench
#        8.3\arm\config\linker\ST\stm32f401xE.icf" --semihosting --entry
#        __iar_program_start --vfe --text_out locale)
#
###############################################################################

*******************************************************************************
*** RUNTIME MODEL ATTRIBUTES
***

CppFlavor       = *
__SystemLibrary = DLib
__dlib_version  = 6


*******************************************************************************
*** HEAP SELECTION
***

The basic heap was selected because some modules are built with
size limitations (and not runtime checking), and --advanced_heap
was not specified.


*******************************************************************************
*** PLACEMENT SUMMARY
***

"A0":  place at address 0x800'0000 { ro section .intvec };
"P1":  place in [from 0x800'0000 to 0x807'ffff] { ro };
define block CSTACK with size = 8K, alignment = 8 { };
define block HEAP with size = 8K, alignment = 8 { };
"P2":  place in [from 0x2000'0000 to 0x2001'7fff] {
          rw, block CSTACK, block HEAP };

  Section          Kind         Address    Size  Object
  -------          ----         -------    ----  ------
"A0":                                      0x40
  .intvec          ro code   0x800'0000    0x40  vector_table_M.o [3]
                           - 0x800'0040    0x40

"P1":                                     0x158
  .text            ro code   0x800'0040    0x90  main.o [1]
  .text            ro code   0x800'00d0    0x3a  zero_init3.o [3]
  .text            ro code   0x800'010a     0x2  vector_table_M.o [3]
  .text            ro code   0x800'010c    0x28  data_init.o [3]
  .iar.init_table  const     0x800'0134    0x10  - Linker created -
  .text            ro code   0x800'0144    0x1e  cmain.o [3]
  .text            ro code   0x800'0162     0x4  low_level_init.o [2]
  .text            ro code   0x800'0166     0x4  exit.o [2]
  .text            ro code   0x800'016c     0xa  cexit.o [3]
  .text            ro code   0x800'0178    0x14  exit.o [4]
  .text            ro code   0x800'018c     0xc  cstartup_M.o [3]
  .rodata          const     0x800'0198     0x0  zero_init3.o [3]
                           - 0x800'0198   0x158

"P2", part 1 of 2:                          0x8
  .bss             zero     0x2000'0000     0x8  main.o [1]
                          - 0x2000'0008     0x8

"P2", part 2 of 2:                       0x2000
  CSTACK                    0x2000'0008  0x2000  <Block>
    CSTACK         uninit   0x2000'0008  0x2000  <Block tail>
                          - 0x2000'2008  0x2000

Unused ranges:

         From           To      Size
         ----           --      ----
   0x800'0198   0x807'ffff  0x7'fe68
  0x2000'2008  0x2001'7fff  0x1'5ff8


*******************************************************************************
*** INIT TABLE
***

          Address      Size
          -------      ----
Zero (__iar_zero_init3)
    1 destination range, total size 0x8:
          0x2000'0000   0x8



*******************************************************************************
*** MODULE SUMMARY
***

    Module            ro code  ro data  rw data
    ------            -------  -------  -------
command line/config:
    -------------------------------------------
    Total:

C:\Users\thisi\Documents\GitHub\embsys100\Examples\LED_Module3\Debug\Obj: [1]
    main.o                144                 8
    -------------------------------------------
    Total:                144                 8

dl7M_tln.a: [2]
    exit.o                  4
    low_level_init.o        4
    -------------------------------------------
    Total:                  8

rt7M_tl.a: [3]
    cexit.o                10
    cmain.o                30
    cstartup_M.o           12
    data_init.o            40
    vector_table_M.o       66
    zero_init3.o           58
    -------------------------------------------
    Total:                216

shb_l.a: [4]
    exit.o                 20
    -------------------------------------------
    Total:                 20

    Gaps                    4
    Linker created                  16    8'192
-----------------------------------------------
    Grand Total:          392       16    8'200


*******************************************************************************
*** ENTRY LIST
***

Entry                       Address  Size  Type      Object
-----                       -------  ----  ----      ------
.iar.init_table$$Base    0x800'0134         --   Gb  - Linker created -
.iar.init_table$$Limit   0x800'0144         --   Gb  - Linker created -
?main                    0x800'0145        Code  Gb  cmain.o [3]
CSTACK$$Base            0x2000'0008         --   Gb  - Linker created -
CSTACK$$Limit           0x2000'2008         --   Gb  - Linker created -
Region$$Table$$Base      0x800'0134         --   Gb  - Linker created -
Region$$Table$$Limit     0x800'0144         --   Gb  - Linker created -
__cmain                  0x800'0145        Code  Gb  cmain.o [3]
__exit                   0x800'0179  0x14  Code  Gb  exit.o [4]
__iar_data_init3         0x800'010d  0x28  Code  Gb  data_init.o [3]
__iar_program_start      0x800'018d        Code  Gb  cstartup_M.o [3]
__iar_zero_init3         0x800'00d1  0x3a  Code  Gb  zero_init3.o [3]
__low_level_init         0x800'0163   0x4  Code  Gb  low_level_init.o [2]
__vector_table           0x800'0000        Data  Gb  vector_table_M.o [3]
_call_main               0x800'0151        Code  Gb  cmain.o [3]
_exit                    0x800'016d        Code  Gb  cexit.o [3]
_main                    0x800'015f        Code  Gb  cmain.o [3]
counter                 0x2000'0000   0x8  Data  Gb  main.o [1]
exit                     0x800'0167   0x4  Code  Gb  exit.o [2]
main                     0x800'0041  0x90  Code  Gb  main.o [1]


[1] = C:\Users\thisi\Documents\GitHub\embsys100\Examples\LED_Module3\Debug\Obj
[2] = dl7M_tln.a
[3] = rt7M_tl.a
[4] = shb_l.a

    392 bytes of readonly  code memory
     16 bytes of readonly  data memory
  8'200 bytes of readwrite data memory

Errors: none
Warnings: none
